vite.config.ts:6 - default
src/App.tsx:40 - default
src/types.ts:13 - QtyPriceRule (used in module)
src/types.ts:102 - DiscountCondition (used in module)
src/types.ts:112 - DiscountAction (used in module)
src/types.ts:120 - DiscountLimits (used in module)
src/types.ts:127 - DiscountTime (used in module)
src/types.ts:144 - CustomerSettings (used in module)
src/types.ts:152 - ThemeColors (used in module)
src/types.ts:165 - IncompleteOrderStatus (used in module)
src/types.ts:179 - IncompleteOrderSettings (used in module)
src/types.ts:188 - AntiSpamSettings (used in module)
src/types.ts:199 - MinOrderFeatureSettings (used in module)
src/types.ts:212 - PWebsiteConfig (used in module)
src/types.ts:217 - PDashboardLink (used in module)
src/types.ts:223 - PreOrderSettings (used in module)
src/types.ts:238 - DashboardNavConfig (used in module)
src/types.ts:246 - TelegramNotificationSettings (used in module)
src/types.ts:394 - BdCourierReport (used in module)
src/types.ts:403 - BdCourierSummary (used in module)
src/types.ts:410 - BdCourierData (used in module)
src/types.ts:415 - BdCourierApiConfig (used in module)
functions/api/_middleware.ts:1 - onRequest
functions/api/admin_orders.ts:1 - onRequestGet
functions/api/admin_state.ts:1 - onRequestGet
functions/api/customers.ts:1 - onRequestPost
functions/api/facebook.ts:1 - onRequestPost
functions/api/ga4.ts:1 - onRequestPost
functions/api/gc.ts:1 - onRequestPost
functions/api/get_admins.ts:1 - onRequestGet
functions/api/get_my_orders.ts:1 - onRequestPost
functions/api/login.ts:1 - onRequestPost
functions/api/orders.ts:1 - onRequestPost
functions/api/products.ts:1 - onRequestPost
functions/api/public_add_to_order.ts:3 - onRequestPost
functions/api/public_cancel_order.ts:3 - onRequestPost
functions/api/public_checkout.ts:3 - onRequestPost
functions/api/public_incomplete_order.ts:1 - onRequestPost
functions/api/public_state.ts:1 - onRequestGet
functions/api/register.ts:1 - onRequestPost
functions/api/run_retention_cleanup.ts:1 - onRequestPost
functions/api/send_telegram.ts:1 - onRequestPost
functions/api/settings.ts:1 - onRequestPost
functions/api/state.ts:1 - onRequestGet
functions/api/sync_apply.ts:1 - onRequestPost
functions/api/sync_apply.ts:101 - onRequestOptions
functions/api/sync_broadcast.ts:1 - onRequestPost
functions/api/sync_check.ts:1 - onRequestPost
functions/api/sync_check.ts:46 - onRequestOptions
functions/api/sync_data.ts:1 - onRequestGet
functions/api/sync_data.ts:46 - onRequestOptions
functions/api/sync_deduct_stock.ts:1 - onRequestPost
functions/api/sync_deduct_stock.ts:123 - onRequestOptions
functions/api/tiktok.ts:1 - onRequestPost
functions/api/upload.ts:1 - onRequestPost
functions/uploads/[[path]].ts:1 - onRequestGet
src/lib/eventBatcher.ts:1 - currentBatchIntervalMs (used in module)
src/lib/eventBatcher.ts:102 - flushEvents (used in module)
src/lib/ga4Pixel.ts:72 - trackGA4BrowserEvent (used in module)
src/lib/ga4Pixel.ts:78 - trackGA4ServerEvent (used in module)
src/lib/imageOptimizationWorker.ts:5 - getOptimizerWorker (used in module)
src/lib/imageOptimizationWorker.ts:58 - OptimizeResult (used in module)
